../Core/Src/main.c:94:6:map	1
../Core/Src/main.c:100:6:hexToAscii	3
../Core/Src/main.c:111:6:asciiToHex	2
../Core/Src/main.c:124:6:logMessage	1
../Core/Src/main.c:130:6:sendCommand	1
../Core/Src/main.c:140:6:handleDownlink	6
../Core/Src/main.c:185:6:HAL_UART_RxCpltCallback	2
../Core/Src/main.c:238:6:sendLoRaData	1
../Core/Src/main.c:250:6:HAL_ADC_ConvCpltCallback	4
../Core/Src/main.c:276:6:sendADCData	1
../Core/Src/main.c:295:5:main	10
../Core/Src/main.c:468:6:SystemClock_Config	4
../Core/Src/main.c:528:13:MX_ADC1_Init	4
../Core/Src/main.c:597:13:MX_USART3_UART_Init	5
../Core/Src/main.c:645:13:MX_USART6_UART_Init	5
../Core/Src/main.c:693:13:MX_GPIO_Init	1
../Core/Src/main.c:744:6:MPU_Config	1
../Core/Src/main.c:775:6:Error_Handler	1
