../Core/Src/main.c:72:6:logMessage	16	static
../Core/Src/main.c:77:6:sendCommand	144	static
../Core/Src/main.c:86:6:HAL_UART_RxCpltCallback	16	static
../Core/Src/main.c:112:6:asciiToHex	16	static
../Core/Src/main.c:123:6:sendLoRaData	576	static
../Core/Src/main.c:139:5:main	16	static
../Core/Src/main.c:245:6:SystemClock_Config	120	static
../Core/Src/main.c:305:13:MX_USART3_UART_Init	8	static
../Core/Src/main.c:353:13:MX_USART6_UART_Init	8	static
../Core/Src/main.c:401:13:MX_GPIO_Init	48	static
../Core/Src/main.c:452:6:MPU_Config	24	static
../Core/Src/main.c:483:6:Error_Handler	4	static,ignoring_inline_asm
