../Core/Src/main.c:89:6:map	24	static
../Core/Src/main.c:98:6:logMessage	16	static
../Core/Src/main.c:104:6:sendCommand	144	static
../Core/Src/main.c:113:6:HAL_UART_RxCpltCallback	16	static
../Core/Src/main.c:139:6:asciiToHex	16	static
../Core/Src/main.c:150:6:sendLoRaData	576	static
../Core/Src/main.c:162:6:HAL_ADC_ConvCpltCallback	24	static
../Core/Src/main.c:188:6:sendADCData	136	static
../Core/Src/main.c:207:5:main	16	static
../Core/Src/main.c:346:6:SystemClock_Config	120	static
../Core/Src/main.c:406:13:MX_ADC1_Init	56	static
../Core/Src/main.c:475:13:MX_USART3_UART_Init	8	static
../Core/Src/main.c:523:13:MX_USART6_UART_Init	8	static
../Core/Src/main.c:571:13:MX_GPIO_Init	48	static
../Core/Src/main.c:622:6:MPU_Config	24	static
../Core/Src/main.c:653:6:Error_Handler	4	static,ignoring_inline_asm
