../Core/Src/main.c:90:6:map	1
../Core/Src/main.c:96:6:hexToAscii	3
../Core/Src/main.c:107:6:asciiToHex	2
../Core/Src/main.c:120:6:logMessage	1
../Core/Src/main.c:126:6:sendCommand	1
../Core/Src/main.c:136:6:handleDownlink	6
../Core/Src/main.c:181:6:HAL_UART_RxCpltCallback	7
../Core/Src/main.c:222:6:sendLoRaData	1
../Core/Src/main.c:234:6:HAL_ADC_ConvCpltCallback	4
../Core/Src/main.c:260:6:sendADCData	1
../Core/Src/main.c:279:5:main	6
../Core/Src/main.c:418:6:SystemClock_Config	4
../Core/Src/main.c:478:13:MX_ADC1_Init	4
../Core/Src/main.c:547:13:MX_USART3_UART_Init	5
../Core/Src/main.c:595:13:MX_USART6_UART_Init	5
../Core/Src/main.c:643:13:MX_GPIO_Init	1
../Core/Src/main.c:694:6:MPU_Config	1
../Core/Src/main.c:725:6:Error_Handler	1
